// Jest Snapshot v1, https://goo.gl/fbAQLP

exports[`matches snapshot when logged out 1`] = `
<DocumentFragment>
  <div
    class="Homepage"
  >
    <div
      class="container text-center"
    >
      <img
        alt="Violet"
        src="logo.png"
      />
      <p
        class="lead"
      >
         A Better Listening Experience. Join Today! 
      </p>
      <a
        class="btn btn-primary font-weight-bold mr-3"
        href="/login"
      >
        Log in
      </a>
      <a
        class="btn btn-primary font-weight-bold"
        href="/signup"
      >
        Sign up
      </a>
    </div>
  </div>
</DocumentFragment>
`;
